Archive member included because of file (symbol)

/Users/ansonl/pebble-dev/PebbleSDK-2.9/Pebble/lib/libpebble.a(tmpycZPtxpebble.o)
                              src/app_message.c.9.o (app_event_loop)

Allocating common symbols
Common symbol       size              file

messageItemArray    0x4               src/app_message.c.9.o
selectedMessageIndex
                    0x4               src/app_message.c.9.o
messageArraySize    0x4               src/app_message.c.9.o
message_item_like_text_layer
                    0x4               src/app_message.c.9.o
menu_layer          0x4               src/app_message.c.9.o
message_item_scroll_layer
                    0x4               src/app_message.c.9.o
numberCommentsText  0x4               src/app_message.c.9.o
message_item_window
                    0x4               src/app_message.c.9.o
positionTitle       0x4               src/app_message.c.9.o
lastUpdated         0x4               src/app_message.c.9.o
window              0x4               src/app_message.c.9.o
message_item_text_layer
                    0x4               src/app_message.c.9.o
numberLikesText     0x4               src/app_message.c.9.o

Discarded input sections

 .text          0x0000000000000000        0x0 /Users/ansonl/pebble-dev/PebbleSDK-2.9/arm-cs-tools/bin/../lib/gcc/arm-none-eabi/4.7.2/thumb2/crti.o
 .bss           0x0000000000000000        0x0 /Users/ansonl/pebble-dev/PebbleSDK-2.9/arm-cs-tools/bin/../lib/gcc/arm-none-eabi/4.7.2/thumb2/crti.o
 .init          0x0000000000000000        0x4 /Users/ansonl/pebble-dev/PebbleSDK-2.9/arm-cs-tools/bin/../lib/gcc/arm-none-eabi/4.7.2/thumb2/crti.o
 .fini          0x0000000000000000        0x4 /Users/ansonl/pebble-dev/PebbleSDK-2.9/arm-cs-tools/bin/../lib/gcc/arm-none-eabi/4.7.2/thumb2/crti.o
 .text          0x0000000000000000       0xc8 /Users/ansonl/pebble-dev/PebbleSDK-2.9/arm-cs-tools/bin/../lib/gcc/arm-none-eabi/4.7.2/thumb2/crtbegin.o
 .bss           0x0000000000000000       0x1c /Users/ansonl/pebble-dev/PebbleSDK-2.9/arm-cs-tools/bin/../lib/gcc/arm-none-eabi/4.7.2/thumb2/crtbegin.o
 .init_array    0x0000000000000000        0x4 /Users/ansonl/pebble-dev/PebbleSDK-2.9/arm-cs-tools/bin/../lib/gcc/arm-none-eabi/4.7.2/thumb2/crtbegin.o
 .fini_array    0x0000000000000000        0x4 /Users/ansonl/pebble-dev/PebbleSDK-2.9/arm-cs-tools/bin/../lib/gcc/arm-none-eabi/4.7.2/thumb2/crtbegin.o
 .eh_frame      0x0000000000000000        0x0 /Users/ansonl/pebble-dev/PebbleSDK-2.9/arm-cs-tools/bin/../lib/gcc/arm-none-eabi/4.7.2/thumb2/crtbegin.o
 .jcr           0x0000000000000000        0x0 /Users/ansonl/pebble-dev/PebbleSDK-2.9/arm-cs-tools/bin/../lib/gcc/arm-none-eabi/4.7.2/thumb2/crtbegin.o
 .tm_clone_table
                0x0000000000000000        0x0 /Users/ansonl/pebble-dev/PebbleSDK-2.9/arm-cs-tools/bin/../lib/gcc/arm-none-eabi/4.7.2/thumb2/crtbegin.o
 .text          0x0000000000000000        0x0 src/app_message.c.9.o
 .bss           0x0000000000000000        0x0 src/app_message.c.9.o
 .text          0x0000000000000000        0x0 appinfo.auto.c.9.o
 .bss           0x0000000000000000        0x0 appinfo.auto.c.9.o
 .bss           0x0000000000000000        0x0 /Users/ansonl/pebble-dev/PebbleSDK-2.9/Pebble/lib/libpebble.a(tmpycZPtxpebble.o)
 .text.accel_data_service_subscribe__deprecated
                0x0000000000000000        0xc /Users/ansonl/pebble-dev/PebbleSDK-2.9/Pebble/lib/libpebble.a(tmpycZPtxpebble.o)
 .text.accel_data_service_unsubscribe
                0x0000000000000000        0xc /Users/ansonl/pebble-dev/PebbleSDK-2.9/Pebble/lib/libpebble.a(tmpycZPtxpebble.o)
 .text.accel_service_peek
                0x0000000000000000        0xc /Users/ansonl/pebble-dev/PebbleSDK-2.9/Pebble/lib/libpebble.a(tmpycZPtxpebble.o)
 .text.accel_service_set_samples_per_update
                0x0000000000000000        0xc /Users/ansonl/pebble-dev/PebbleSDK-2.9/Pebble/lib/libpebble.a(tmpycZPtxpebble.o)
 .text.accel_service_set_sampling_rate
                0x0000000000000000        0xc /Users/ansonl/pebble-dev/PebbleSDK-2.9/Pebble/lib/libpebble.a(tmpycZPtxpebble.o)
 .text.accel_tap_service_subscribe
                0x0000000000000000        0xc /Users/ansonl/pebble-dev/PebbleSDK-2.9/Pebble/lib/libpebble.a(tmpycZPtxpebble.o)
 .text.accel_tap_service_unsubscribe
                0x0000000000000000        0xc /Users/ansonl/pebble-dev/PebbleSDK-2.9/Pebble/lib/libpebble.a(tmpycZPtxpebble.o)
 .text.action_bar_layer_add_to_window
                0x0000000000000000        0xc /Users/ansonl/pebble-dev/PebbleSDK-2.9/Pebble/lib/libpebble.a(tmpycZPtxpebble.o)
 .text.action_bar_layer_clear_icon
                0x0000000000000000        0xc /Users/ansonl/pebble-dev/PebbleSDK-2.9/Pebble/lib/libpebble.a(tmpycZPtxpebble.o)
 .text.action_bar_layer_create
                0x0000000000000000        0xc /Users/ansonl/pebble-dev/PebbleSDK-2.9/Pebble/lib/libpebble.a(tmpycZPtxpebble.o)
 .text.action_bar_layer_destroy
                0x0000000000000000        0xc /Users/ansonl/pebble-dev/PebbleSDK-2.9/Pebble/lib/libpebble.a(tmpycZPtxpebble.o)
 .text.action_bar_layer_get_layer
                0x0000000000000000        0xc /Users/ansonl/pebble-dev/PebbleSDK-2.9/Pebble/lib/libpebble.a(tmpycZPtxpebble.o)
 .text.action_bar_layer_remove_from_window
                0x0000000000000000        0xc /Users/ansonl/pebble-dev/PebbleSDK-2.9/Pebble/lib/libpebble.a(tmpycZPtxpebble.o)
 .text.action_bar_layer_set_background_color
                0x0000000000000000        0xc /Users/ansonl/pebble-dev/PebbleSDK-2.9/Pebble/lib/libpebble.a(tmpycZPtxpebble.o)
 .text.action_bar_layer_set_click_config_provider
                0x0000000000000000        0xc /Users/ansonl/pebble-dev/PebbleSDK-2.9/Pebble/lib/libpebble.a(tmpycZPtxpebble.o)
 .text.action_bar_layer_set_context
                0x0000000000000000        0xc /Users/ansonl/pebble-dev/PebbleSDK-2.9/Pebble/lib/libpebble.a(tmpycZPtxpebble.o)
 .text.action_bar_layer_set_icon
                0x0000000000000000        0xc /Users/ansonl/pebble-dev/PebbleSDK-2.9/Pebble/lib/libpebble.a(tmpycZPtxpebble.o)
 .text.animation_create
                0x0000000000000000        0xc /Users/ansonl/pebble-dev/PebbleSDK-2.9/Pebble/lib/libpebble.a(tmpycZPtxpebble.o)
 .text.animation_destroy
                0x0000000000000000        0xc /Users/ansonl/pebble-dev/PebbleSDK-2.9/Pebble/lib/libpebble.a(tmpycZPtxpebble.o)
 .text.animation_get_context
                0x0000000000000000        0xc /Users/ansonl/pebble-dev/PebbleSDK-2.9/Pebble/lib/libpebble.a(tmpycZPtxpebble.o)
 .text.animation_is_scheduled
                0x0000000000000000        0xc /Users/ansonl/pebble-dev/PebbleSDK-2.9/Pebble/lib/libpebble.a(tmpycZPtxpebble.o)
 .text.animation_schedule
                0x0000000000000000        0xc /Users/ansonl/pebble-dev/PebbleSDK-2.9/Pebble/lib/libpebble.a(tmpycZPtxpebble.o)
 .text.animation_set_curve
                0x0000000000000000        0xc /Users/ansonl/pebble-dev/PebbleSDK-2.9/Pebble/lib/libpebble.a(tmpycZPtxpebble.o)
 .text.animation_set_delay
                0x0000000000000000        0xc /Users/ansonl/pebble-dev/PebbleSDK-2.9/Pebble/lib/libpebble.a(tmpycZPtxpebble.o)
 .text.animation_set_duration
                0x0000000000000000        0xc /Users/ansonl/pebble-dev/PebbleSDK-2.9/Pebble/lib/libpebble.a(tmpycZPtxpebble.o)
 .text.animation_set_handlers
                0x0000000000000000        0xc /Users/ansonl/pebble-dev/PebbleSDK-2.9/Pebble/lib/libpebble.a(tmpycZPtxpebble.o)
 .text.animation_set_implementation
                0x0000000000000000        0xc /Users/ansonl/pebble-dev/PebbleSDK-2.9/Pebble/lib/libpebble.a(tmpycZPtxpebble.o)
 .text.animation_unschedule
                0x0000000000000000        0xc /Users/ansonl/pebble-dev/PebbleSDK-2.9/Pebble/lib/libpebble.a(tmpycZPtxpebble.o)
 .text.animation_unschedule_all
                0x0000000000000000        0xc /Users/ansonl/pebble-dev/PebbleSDK-2.9/Pebble/lib/libpebble.a(tmpycZPtxpebble.o)
 .text.app_comm_get_sniff_interval
                0x0000000000000000        0xc /Users/ansonl/pebble-dev/PebbleSDK-2.9/Pebble/lib/libpebble.a(tmpycZPtxpebble.o)
 .text.app_comm_set_sniff_interval
                0x0000000000000000        0xc /Users/ansonl/pebble-dev/PebbleSDK-2.9/Pebble/lib/libpebble.a(tmpycZPtxpebble.o)
 .text.app_sync_deinit
                0x0000000000000000        0xc /Users/ansonl/pebble-dev/PebbleSDK-2.9/Pebble/lib/libpebble.a(tmpycZPtxpebble.o)
 .text.app_sync_get
                0x0000000000000000        0xc /Users/ansonl/pebble-dev/PebbleSDK-2.9/Pebble/lib/libpebble.a(tmpycZPtxpebble.o)
 .text.app_sync_init
                0x0000000000000000        0xc /Users/ansonl/pebble-dev/PebbleSDK-2.9/Pebble/lib/libpebble.a(tmpycZPtxpebble.o)
 .text.app_sync_set
                0x0000000000000000        0xc /Users/ansonl/pebble-dev/PebbleSDK-2.9/Pebble/lib/libpebble.a(tmpycZPtxpebble.o)
 .text.app_timer_cancel
                0x0000000000000000        0xc /Users/ansonl/pebble-dev/PebbleSDK-2.9/Pebble/lib/libpebble.a(tmpycZPtxpebble.o)
 .text.app_timer_register
                0x0000000000000000        0xc /Users/ansonl/pebble-dev/PebbleSDK-2.9/Pebble/lib/libpebble.a(tmpycZPtxpebble.o)
 .text.app_timer_reschedule
                0x0000000000000000        0xc /Users/ansonl/pebble-dev/PebbleSDK-2.9/Pebble/lib/libpebble.a(tmpycZPtxpebble.o)
 .text.atan2_lookup
                0x0000000000000000        0xc /Users/ansonl/pebble-dev/PebbleSDK-2.9/Pebble/lib/libpebble.a(tmpycZPtxpebble.o)
 .text.atoi     0x0000000000000000        0xc /Users/ansonl/pebble-dev/PebbleSDK-2.9/Pebble/lib/libpebble.a(tmpycZPtxpebble.o)
 .text.atol     0x0000000000000000        0xc /Users/ansonl/pebble-dev/PebbleSDK-2.9/Pebble/lib/libpebble.a(tmpycZPtxpebble.o)
 .text.battery_state_service_peek
                0x0000000000000000        0xc /Users/ansonl/pebble-dev/PebbleSDK-2.9/Pebble/lib/libpebble.a(tmpycZPtxpebble.o)
 .text.battery_state_service_subscribe
                0x0000000000000000        0xc /Users/ansonl/pebble-dev/PebbleSDK-2.9/Pebble/lib/libpebble.a(tmpycZPtxpebble.o)
 .text.battery_state_service_unsubscribe
                0x0000000000000000        0xc /Users/ansonl/pebble-dev/PebbleSDK-2.9/Pebble/lib/libpebble.a(tmpycZPtxpebble.o)
 .text.bitmap_layer_create
                0x0000000000000000        0xc /Users/ansonl/pebble-dev/PebbleSDK-2.9/Pebble/lib/libpebble.a(tmpycZPtxpebble.o)
 .text.bitmap_layer_destroy
                0x0000000000000000        0xc /Users/ansonl/pebble-dev/PebbleSDK-2.9/Pebble/lib/libpebble.a(tmpycZPtxpebble.o)
 .text.bitmap_layer_get_layer
                0x0000000000000000        0xc /Users/ansonl/pebble-dev/PebbleSDK-2.9/Pebble/lib/libpebble.a(tmpycZPtxpebble.o)
 .text.bitmap_layer_set_alignment
                0x0000000000000000        0xc /Users/ansonl/pebble-dev/PebbleSDK-2.9/Pebble/lib/libpebble.a(tmpycZPtxpebble.o)
 .text.bitmap_layer_set_background_color
                0x0000000000000000        0xc /Users/ansonl/pebble-dev/PebbleSDK-2.9/Pebble/lib/libpebble.a(tmpycZPtxpebble.o)
 .text.bitmap_layer_set_bitmap
                0x0000000000000000        0xc /Users/ansonl/pebble-dev/PebbleSDK-2.9/Pebble/lib/libpebble.a(tmpycZPtxpebble.o)
 .text.bitmap_layer_set_compositing_mode
                0x0000000000000000        0xc /Users/ansonl/pebble-dev/PebbleSDK-2.9/Pebble/lib/libpebble.a(tmpycZPtxpebble.o)
 .text.bluetooth_connection_service_peek
                0x0000000000000000        0xc /Users/ansonl/pebble-dev/PebbleSDK-2.9/Pebble/lib/libpebble.a(tmpycZPtxpebble.o)
 .text.bluetooth_connection_service_subscribe
                0x0000000000000000        0xc /Users/ansonl/pebble-dev/PebbleSDK-2.9/Pebble/lib/libpebble.a(tmpycZPtxpebble.o)
 .text.bluetooth_connection_service_unsubscribe
                0x0000000000000000        0xc /Users/ansonl/pebble-dev/PebbleSDK-2.9/Pebble/lib/libpebble.a(tmpycZPtxpebble.o)
 .text.click_number_of_clicks_counted
                0x0000000000000000        0xc /Users/ansonl/pebble-dev/PebbleSDK-2.9/Pebble/lib/libpebble.a(tmpycZPtxpebble.o)
 .text.click_recognizer_get_button_id
                0x0000000000000000        0xc /Users/ansonl/pebble-dev/PebbleSDK-2.9/Pebble/lib/libpebble.a(tmpycZPtxpebble.o)
 .text.clock_copy_time_string
                0x0000000000000000        0xc /Users/ansonl/pebble-dev/PebbleSDK-2.9/Pebble/lib/libpebble.a(tmpycZPtxpebble.o)
 .text.clock_is_24h_style
                0x0000000000000000        0xc /Users/ansonl/pebble-dev/PebbleSDK-2.9/Pebble/lib/libpebble.a(tmpycZPtxpebble.o)
 .text.cos_lookup
                0x0000000000000000        0xc /Users/ansonl/pebble-dev/PebbleSDK-2.9/Pebble/lib/libpebble.a(tmpycZPtxpebble.o)
 .text.data_logging_create
                0x0000000000000000        0xc /Users/ansonl/pebble-dev/PebbleSDK-2.9/Pebble/lib/libpebble.a(tmpycZPtxpebble.o)
 .text.data_logging_finish
                0x0000000000000000        0xc /Users/ansonl/pebble-dev/PebbleSDK-2.9/Pebble/lib/libpebble.a(tmpycZPtxpebble.o)
 .text.data_logging_log
                0x0000000000000000        0xc /Users/ansonl/pebble-dev/PebbleSDK-2.9/Pebble/lib/libpebble.a(tmpycZPtxpebble.o)
 .text.dict_calc_buffer_size
                0x0000000000000000        0xc /Users/ansonl/pebble-dev/PebbleSDK-2.9/Pebble/lib/libpebble.a(tmpycZPtxpebble.o)
 .text.dict_calc_buffer_size_from_tuplets
                0x0000000000000000        0xc /Users/ansonl/pebble-dev/PebbleSDK-2.9/Pebble/lib/libpebble.a(tmpycZPtxpebble.o)
 .text.dict_merge
                0x0000000000000000        0xc /Users/ansonl/pebble-dev/PebbleSDK-2.9/Pebble/lib/libpebble.a(tmpycZPtxpebble.o)
 .text.dict_read_begin_from_buffer
                0x0000000000000000        0xc /Users/ansonl/pebble-dev/PebbleSDK-2.9/Pebble/lib/libpebble.a(tmpycZPtxpebble.o)
 .text.dict_read_first
                0x0000000000000000        0xc /Users/ansonl/pebble-dev/PebbleSDK-2.9/Pebble/lib/libpebble.a(tmpycZPtxpebble.o)
 .text.dict_read_next
                0x0000000000000000        0xc /Users/ansonl/pebble-dev/PebbleSDK-2.9/Pebble/lib/libpebble.a(tmpycZPtxpebble.o)
 .text.dict_serialize_tuplets
                0x0000000000000000        0xc /Users/ansonl/pebble-dev/PebbleSDK-2.9/Pebble/lib/libpebble.a(tmpycZPtxpebble.o)
 .text.dict_serialize_tuplets_to_buffer__deprecated
                0x0000000000000000        0xc /Users/ansonl/pebble-dev/PebbleSDK-2.9/Pebble/lib/libpebble.a(tmpycZPtxpebble.o)
 .text.dict_serialize_tuplets_to_buffer_with_iter
                0x0000000000000000        0xc /Users/ansonl/pebble-dev/PebbleSDK-2.9/Pebble/lib/libpebble.a(tmpycZPtxpebble.o)
 .text.dict_write_begin
                0x0000000000000000        0xc /Users/ansonl/pebble-dev/PebbleSDK-2.9/Pebble/lib/libpebble.a(tmpycZPtxpebble.o)
 .text.dict_write_cstring
                0x0000000000000000        0xc /Users/ansonl/pebble-dev/PebbleSDK-2.9/Pebble/lib/libpebble.a(tmpycZPtxpebble.o)
 .text.dict_write_data
                0x0000000000000000        0xc /Users/ansonl/pebble-dev/PebbleSDK-2.9/Pebble/lib/libpebble.a(tmpycZPtxpebble.o)
 .text.dict_write_int
                0x0000000000000000        0xc /Users/ansonl/pebble-dev/PebbleSDK-2.9/Pebble/lib/libpebble.a(tmpycZPtxpebble.o)
 .text.dict_write_int16
                0x0000000000000000        0xc /Users/ansonl/pebble-dev/PebbleSDK-2.9/Pebble/lib/libpebble.a(tmpycZPtxpebble.o)
 .text.dict_write_int8
                0x0000000000000000        0xc /Users/ansonl/pebble-dev/PebbleSDK-2.9/Pebble/lib/libpebble.a(tmpycZPtxpebble.o)
 .text.dict_write_tuplet
                0x0000000000000000        0xc /Users/ansonl/pebble-dev/PebbleSDK-2.9/Pebble/lib/libpebble.a(tmpycZPtxpebble.o)
 .text.dict_write_uint16
                0x0000000000000000        0xc /Users/ansonl/pebble-dev/PebbleSDK-2.9/Pebble/lib/libpebble.a(tmpycZPtxpebble.o)
 .text.dict_write_uint32
                0x0000000000000000        0xc /Users/ansonl/pebble-dev/PebbleSDK-2.9/Pebble/lib/libpebble.a(tmpycZPtxpebble.o)
 .text.dict_write_uint8
                0x0000000000000000        0xc /Users/ansonl/pebble-dev/PebbleSDK-2.9/Pebble/lib/libpebble.a(tmpycZPtxpebble.o)
 .text.fonts_load_custom_font
                0x0000000000000000        0xc /Users/ansonl/pebble-dev/PebbleSDK-2.9/Pebble/lib/libpebble.a(tmpycZPtxpebble.o)
 .text.fonts_unload_custom_font
                0x0000000000000000        0xc /Users/ansonl/pebble-dev/PebbleSDK-2.9/Pebble/lib/libpebble.a(tmpycZPtxpebble.o)
 .text.gbitmap_create_as_sub_bitmap
                0x0000000000000000        0xc /Users/ansonl/pebble-dev/PebbleSDK-2.9/Pebble/lib/libpebble.a(tmpycZPtxpebble.o)
 .text.gbitmap_create_with_data
                0x0000000000000000        0xc /Users/ansonl/pebble-dev/PebbleSDK-2.9/Pebble/lib/libpebble.a(tmpycZPtxpebble.o)
 .text.gmtime   0x0000000000000000        0xc /Users/ansonl/pebble-dev/PebbleSDK-2.9/Pebble/lib/libpebble.a(tmpycZPtxpebble.o)
 .text.gpath_create
                0x0000000000000000        0xc /Users/ansonl/pebble-dev/PebbleSDK-2.9/Pebble/lib/libpebble.a(tmpycZPtxpebble.o)
 .text.gpath_destroy
                0x0000000000000000        0xc /Users/ansonl/pebble-dev/PebbleSDK-2.9/Pebble/lib/libpebble.a(tmpycZPtxpebble.o)
 .text.gpath_draw_filled_legacy
                0x0000000000000000        0xc /Users/ansonl/pebble-dev/PebbleSDK-2.9/Pebble/lib/libpebble.a(tmpycZPtxpebble.o)
 .text.gpath_draw_outline
                0x0000000000000000        0xc /Users/ansonl/pebble-dev/PebbleSDK-2.9/Pebble/lib/libpebble.a(tmpycZPtxpebble.o)
 .text.gpath_move_to
                0x0000000000000000        0xc /Users/ansonl/pebble-dev/PebbleSDK-2.9/Pebble/lib/libpebble.a(tmpycZPtxpebble.o)
 .text.gpath_rotate_to
                0x0000000000000000        0xc /Users/ansonl/pebble-dev/PebbleSDK-2.9/Pebble/lib/libpebble.a(tmpycZPtxpebble.o)
 .text.gpoint_equal
                0x0000000000000000        0xc /Users/ansonl/pebble-dev/PebbleSDK-2.9/Pebble/lib/libpebble.a(tmpycZPtxpebble.o)
 .text.graphics_context_set_compositing_mode
                0x0000000000000000        0xc /Users/ansonl/pebble-dev/PebbleSDK-2.9/Pebble/lib/libpebble.a(tmpycZPtxpebble.o)
 .text.graphics_context_set_fill_color
                0x0000000000000000        0xc /Users/ansonl/pebble-dev/PebbleSDK-2.9/Pebble/lib/libpebble.a(tmpycZPtxpebble.o)
 .text.graphics_context_set_stroke_color
                0x0000000000000000        0xc /Users/ansonl/pebble-dev/PebbleSDK-2.9/Pebble/lib/libpebble.a(tmpycZPtxpebble.o)
 .text.graphics_draw_bitmap_in_rect
                0x0000000000000000        0xc /Users/ansonl/pebble-dev/PebbleSDK-2.9/Pebble/lib/libpebble.a(tmpycZPtxpebble.o)
 .text.graphics_draw_circle
                0x0000000000000000        0xc /Users/ansonl/pebble-dev/PebbleSDK-2.9/Pebble/lib/libpebble.a(tmpycZPtxpebble.o)
 .text.graphics_draw_line
                0x0000000000000000        0xc /Users/ansonl/pebble-dev/PebbleSDK-2.9/Pebble/lib/libpebble.a(tmpycZPtxpebble.o)
 .text.graphics_draw_pixel
                0x0000000000000000        0xc /Users/ansonl/pebble-dev/PebbleSDK-2.9/Pebble/lib/libpebble.a(tmpycZPtxpebble.o)
 .text.graphics_draw_rect
                0x0000000000000000        0xc /Users/ansonl/pebble-dev/PebbleSDK-2.9/Pebble/lib/libpebble.a(tmpycZPtxpebble.o)
 .text.graphics_draw_round_rect
                0x0000000000000000        0xc /Users/ansonl/pebble-dev/PebbleSDK-2.9/Pebble/lib/libpebble.a(tmpycZPtxpebble.o)
 .text.graphics_fill_circle
                0x0000000000000000        0xc /Users/ansonl/pebble-dev/PebbleSDK-2.9/Pebble/lib/libpebble.a(tmpycZPtxpebble.o)
 .text.graphics_fill_rect
                0x0000000000000000        0xc /Users/ansonl/pebble-dev/PebbleSDK-2.9/Pebble/lib/libpebble.a(tmpycZPtxpebble.o)
 .text.graphics_text_layout_get_max_used_size
                0x0000000000000000        0xc /Users/ansonl/pebble-dev/PebbleSDK-2.9/Pebble/lib/libpebble.a(tmpycZPtxpebble.o)
 .text.grect_align
                0x0000000000000000        0xc /Users/ansonl/pebble-dev/PebbleSDK-2.9/Pebble/lib/libpebble.a(tmpycZPtxpebble.o)
 .text.grect_center_point
                0x0000000000000000        0xc /Users/ansonl/pebble-dev/PebbleSDK-2.9/Pebble/lib/libpebble.a(tmpycZPtxpebble.o)
 .text.grect_clip
                0x0000000000000000        0xc /Users/ansonl/pebble-dev/PebbleSDK-2.9/Pebble/lib/libpebble.a(tmpycZPtxpebble.o)
 .text.grect_contains_point
                0x0000000000000000        0xc /Users/ansonl/pebble-dev/PebbleSDK-2.9/Pebble/lib/libpebble.a(tmpycZPtxpebble.o)
 .text.grect_crop
                0x0000000000000000        0xc /Users/ansonl/pebble-dev/PebbleSDK-2.9/Pebble/lib/libpebble.a(tmpycZPtxpebble.o)
 .text.grect_equal
                0x0000000000000000        0xc /Users/ansonl/pebble-dev/PebbleSDK-2.9/Pebble/lib/libpebble.a(tmpycZPtxpebble.o)
 .text.grect_is_empty
                0x0000000000000000        0xc /Users/ansonl/pebble-dev/PebbleSDK-2.9/Pebble/lib/libpebble.a(tmpycZPtxpebble.o)
 .text.grect_standardize
                0x0000000000000000        0xc /Users/ansonl/pebble-dev/PebbleSDK-2.9/Pebble/lib/libpebble.a(tmpycZPtxpebble.o)
 .text.gsize_equal
                0x0000000000000000        0xc /Users/ansonl/pebble-dev/PebbleSDK-2.9/Pebble/lib/libpebble.a(tmpycZPtxpebble.o)
 .text.inverter_layer_create
                0x0000000000000000        0xc /Users/ansonl/pebble-dev/PebbleSDK-2.9/Pebble/lib/libpebble.a(tmpycZPtxpebble.o)
 .text.inverter_layer_destroy
                0x0000000000000000        0xc /Users/ansonl/pebble-dev/PebbleSDK-2.9/Pebble/lib/libpebble.a(tmpycZPtxpebble.o)
 .text.inverter_layer_get_layer
                0x0000000000000000        0xc /Users/ansonl/pebble-dev/PebbleSDK-2.9/Pebble/lib/libpebble.a(tmpycZPtxpebble.o)
 .text.layer_create
                0x0000000000000000        0xc /Users/ansonl/pebble-dev/PebbleSDK-2.9/Pebble/lib/libpebble.a(tmpycZPtxpebble.o)
 .text.layer_create_with_data
                0x0000000000000000        0xc /Users/ansonl/pebble-dev/PebbleSDK-2.9/Pebble/lib/libpebble.a(tmpycZPtxpebble.o)
 .text.layer_destroy
                0x0000000000000000        0xc /Users/ansonl/pebble-dev/PebbleSDK-2.9/Pebble/lib/libpebble.a(tmpycZPtxpebble.o)
 .text.layer_get_clips
                0x0000000000000000        0xc /Users/ansonl/pebble-dev/PebbleSDK-2.9/Pebble/lib/libpebble.a(tmpycZPtxpebble.o)
 .text.layer_get_data
                0x0000000000000000        0xc /Users/ansonl/pebble-dev/PebbleSDK-2.9/Pebble/lib/libpebble.a(tmpycZPtxpebble.o)
 .text.layer_get_hidden
                0x0000000000000000        0xc /Users/ansonl/pebble-dev/PebbleSDK-2.9/Pebble/lib/libpebble.a(tmpycZPtxpebble.o)
 .text.layer_get_window
                0x0000000000000000        0xc /Users/ansonl/pebble-dev/PebbleSDK-2.9/Pebble/lib/libpebble.a(tmpycZPtxpebble.o)
 .text.layer_insert_above_sibling
                0x0000000000000000        0xc /Users/ansonl/pebble-dev/PebbleSDK-2.9/Pebble/lib/libpebble.a(tmpycZPtxpebble.o)
 .text.layer_insert_below_sibling
                0x0000000000000000        0xc /Users/ansonl/pebble-dev/PebbleSDK-2.9/Pebble/lib/libpebble.a(tmpycZPtxpebble.o)
 .text.layer_mark_dirty
                0x0000000000000000        0xc /Users/ansonl/pebble-dev/PebbleSDK-2.9/Pebble/lib/libpebble.a(tmpycZPtxpebble.o)
 .text.layer_remove_child_layers
                0x0000000000000000        0xc /Users/ansonl/pebble-dev/PebbleSDK-2.9/Pebble/lib/libpebble.a(tmpycZPtxpebble.o)
 .text.layer_remove_from_parent
                0x0000000000000000        0xc /Users/ansonl/pebble-dev/PebbleSDK-2.9/Pebble/lib/libpebble.a(tmpycZPtxpebble.o)
 .text.layer_set_bounds
                0x0000000000000000        0xc /Users/ansonl/pebble-dev/PebbleSDK-2.9/Pebble/lib/libpebble.a(tmpycZPtxpebble.o)
 .text.layer_set_clips
                0x0000000000000000        0xc /Users/ansonl/pebble-dev/PebbleSDK-2.9/Pebble/lib/libpebble.a(tmpycZPtxpebble.o)
 .text.layer_set_frame
                0x0000000000000000        0xc /Users/ansonl/pebble-dev/PebbleSDK-2.9/Pebble/lib/libpebble.a(tmpycZPtxpebble.o)
 .text.layer_set_hidden
                0x0000000000000000        0xc /Users/ansonl/pebble-dev/PebbleSDK-2.9/Pebble/lib/libpebble.a(tmpycZPtxpebble.o)
 .text.layer_set_update_proc
                0x0000000000000000        0xc /Users/ansonl/pebble-dev/PebbleSDK-2.9/Pebble/lib/libpebble.a(tmpycZPtxpebble.o)
 .text.light_enable
                0x0000000000000000        0xc /Users/ansonl/pebble-dev/PebbleSDK-2.9/Pebble/lib/libpebble.a(tmpycZPtxpebble.o)
 .text.light_enable_interaction
                0x0000000000000000        0xc /Users/ansonl/pebble-dev/PebbleSDK-2.9/Pebble/lib/libpebble.a(tmpycZPtxpebble.o)
 .text.malloc   0x0000000000000000        0xc /Users/ansonl/pebble-dev/PebbleSDK-2.9/Pebble/lib/libpebble.a(tmpycZPtxpebble.o)
 .text.memcpy   0x0000000000000000        0xc /Users/ansonl/pebble-dev/PebbleSDK-2.9/Pebble/lib/libpebble.a(tmpycZPtxpebble.o)
 .text.memmove  0x0000000000000000        0xc /Users/ansonl/pebble-dev/PebbleSDK-2.9/Pebble/lib/libpebble.a(tmpycZPtxpebble.o)
 .text.menu_cell_title_draw
                0x0000000000000000        0xc /Users/ansonl/pebble-dev/PebbleSDK-2.9/Pebble/lib/libpebble.a(tmpycZPtxpebble.o)
 .text.menu_index_compare
                0x0000000000000000        0xc /Users/ansonl/pebble-dev/PebbleSDK-2.9/Pebble/lib/libpebble.a(tmpycZPtxpebble.o)
 .text.menu_layer_get_scroll_layer
                0x0000000000000000        0xc /Users/ansonl/pebble-dev/PebbleSDK-2.9/Pebble/lib/libpebble.a(tmpycZPtxpebble.o)
 .text.menu_layer_get_selected_index
                0x0000000000000000        0xc /Users/ansonl/pebble-dev/PebbleSDK-2.9/Pebble/lib/libpebble.a(tmpycZPtxpebble.o)
 .text.menu_layer_set_callbacks__deprecated
                0x0000000000000000        0xc /Users/ansonl/pebble-dev/PebbleSDK-2.9/Pebble/lib/libpebble.a(tmpycZPtxpebble.o)
 .text.menu_layer_set_selected_index
                0x0000000000000000        0xc /Users/ansonl/pebble-dev/PebbleSDK-2.9/Pebble/lib/libpebble.a(tmpycZPtxpebble.o)
 .text.menu_layer_set_selected_next
                0x0000000000000000        0xc /Users/ansonl/pebble-dev/PebbleSDK-2.9/Pebble/lib/libpebble.a(tmpycZPtxpebble.o)
 .text.number_window_create
                0x0000000000000000        0xc /Users/ansonl/pebble-dev/PebbleSDK-2.9/Pebble/lib/libpebble.a(tmpycZPtxpebble.o)
 .text.number_window_destroy
                0x0000000000000000        0xc /Users/ansonl/pebble-dev/PebbleSDK-2.9/Pebble/lib/libpebble.a(tmpycZPtxpebble.o)
 .text.number_window_get_value
                0x0000000000000000        0xc /Users/ansonl/pebble-dev/PebbleSDK-2.9/Pebble/lib/libpebble.a(tmpycZPtxpebble.o)
 .text.number_window_set_label
                0x0000000000000000        0xc /Users/ansonl/pebble-dev/PebbleSDK-2.9/Pebble/lib/libpebble.a(tmpycZPtxpebble.o)
 .text.number_window_set_max
                0x0000000000000000        0xc /Users/ansonl/pebble-dev/PebbleSDK-2.9/Pebble/lib/libpebble.a(tmpycZPtxpebble.o)
 .text.number_window_set_min
                0x0000000000000000        0xc /Users/ansonl/pebble-dev/PebbleSDK-2.9/Pebble/lib/libpebble.a(tmpycZPtxpebble.o)
 .text.number_window_set_step_size
                0x0000000000000000        0xc /Users/ansonl/pebble-dev/PebbleSDK-2.9/Pebble/lib/libpebble.a(tmpycZPtxpebble.o)
 .text.number_window_set_value
                0x0000000000000000        0xc /Users/ansonl/pebble-dev/PebbleSDK-2.9/Pebble/lib/libpebble.a(tmpycZPtxpebble.o)
 .text.persist_delete
                0x0000000000000000        0xc /Users/ansonl/pebble-dev/PebbleSDK-2.9/Pebble/lib/libpebble.a(tmpycZPtxpebble.o)
 .text.persist_exists
                0x0000000000000000        0xc /Users/ansonl/pebble-dev/PebbleSDK-2.9/Pebble/lib/libpebble.a(tmpycZPtxpebble.o)
 .text.persist_get_size
                0x0000000000000000        0xc /Users/ansonl/pebble-dev/PebbleSDK-2.9/Pebble/lib/libpebble.a(tmpycZPtxpebble.o)
 .text.persist_read_bool
                0x0000000000000000        0xc /Users/ansonl/pebble-dev/PebbleSDK-2.9/Pebble/lib/libpebble.a(tmpycZPtxpebble.o)
 .text.persist_read_data__deprecated
                0x0000000000000000        0xc /Users/ansonl/pebble-dev/PebbleSDK-2.9/Pebble/lib/libpebble.a(tmpycZPtxpebble.o)
 .text.persist_read_int
                0x0000000000000000        0xc /Users/ansonl/pebble-dev/PebbleSDK-2.9/Pebble/lib/libpebble.a(tmpycZPtxpebble.o)
 .text.persist_read_string__deprecated
                0x0000000000000000        0xc /Users/ansonl/pebble-dev/PebbleSDK-2.9/Pebble/lib/libpebble.a(tmpycZPtxpebble.o)
 .text.persist_write_bool
                0x0000000000000000        0xc /Users/ansonl/pebble-dev/PebbleSDK-2.9/Pebble/lib/libpebble.a(tmpycZPtxpebble.o)
 .text.persist_write_data__deprecated
                0x0000000000000000        0xc /Users/ansonl/pebble-dev/PebbleSDK-2.9/Pebble/lib/libpebble.a(tmpycZPtxpebble.o)
 .text.persist_write_int
                0x0000000000000000        0xc /Users/ansonl/pebble-dev/PebbleSDK-2.9/Pebble/lib/libpebble.a(tmpycZPtxpebble.o)
 .text.persist_write_string
                0x0000000000000000        0xc /Users/ansonl/pebble-dev/PebbleSDK-2.9/Pebble/lib/libpebble.a(tmpycZPtxpebble.o)
 .text.property_animation_create
                0x0000000000000000        0xc /Users/ansonl/pebble-dev/PebbleSDK-2.9/Pebble/lib/libpebble.a(tmpycZPtxpebble.o)
 .text.property_animation_create_layer_frame
                0x0000000000000000        0xc /Users/ansonl/pebble-dev/PebbleSDK-2.9/Pebble/lib/libpebble.a(tmpycZPtxpebble.o)
 .text.property_animation_destroy
                0x0000000000000000        0xc /Users/ansonl/pebble-dev/PebbleSDK-2.9/Pebble/lib/libpebble.a(tmpycZPtxpebble.o)
 .text.property_animation_update_gpoint
                0x0000000000000000        0xc /Users/ansonl/pebble-dev/PebbleSDK-2.9/Pebble/lib/libpebble.a(tmpycZPtxpebble.o)
 .text.property_animation_update_grect
                0x0000000000000000        0xc /Users/ansonl/pebble-dev/PebbleSDK-2.9/Pebble/lib/libpebble.a(tmpycZPtxpebble.o)
 .text.property_animation_update_int16
                0x0000000000000000        0xc /Users/ansonl/pebble-dev/PebbleSDK-2.9/Pebble/lib/libpebble.a(tmpycZPtxpebble.o)
 .text.psleep   0x0000000000000000        0xc /Users/ansonl/pebble-dev/PebbleSDK-2.9/Pebble/lib/libpebble.a(tmpycZPtxpebble.o)
 .text.rand     0x0000000000000000        0xc /Users/ansonl/pebble-dev/PebbleSDK-2.9/Pebble/lib/libpebble.a(tmpycZPtxpebble.o)
 .text.resource_get_handle
                0x0000000000000000        0xc /Users/ansonl/pebble-dev/PebbleSDK-2.9/Pebble/lib/libpebble.a(tmpycZPtxpebble.o)
 .text.resource_load
                0x0000000000000000        0xc /Users/ansonl/pebble-dev/PebbleSDK-2.9/Pebble/lib/libpebble.a(tmpycZPtxpebble.o)
 .text.resource_load_byte_range
                0x0000000000000000        0xc /Users/ansonl/pebble-dev/PebbleSDK-2.9/Pebble/lib/libpebble.a(tmpycZPtxpebble.o)
 .text.resource_size
                0x0000000000000000        0xc /Users/ansonl/pebble-dev/PebbleSDK-2.9/Pebble/lib/libpebble.a(tmpycZPtxpebble.o)
 .text.rot_bitmap_layer_create
                0x0000000000000000        0xc /Users/ansonl/pebble-dev/PebbleSDK-2.9/Pebble/lib/libpebble.a(tmpycZPtxpebble.o)
 .text.rot_bitmap_layer_destroy
                0x0000000000000000        0xc /Users/ansonl/pebble-dev/PebbleSDK-2.9/Pebble/lib/libpebble.a(tmpycZPtxpebble.o)
 .text.rot_bitmap_layer_increment_angle
                0x0000000000000000        0xc /Users/ansonl/pebble-dev/PebbleSDK-2.9/Pebble/lib/libpebble.a(tmpycZPtxpebble.o)
 .text.rot_bitmap_layer_set_angle
                0x0000000000000000        0xc /Users/ansonl/pebble-dev/PebbleSDK-2.9/Pebble/lib/libpebble.a(tmpycZPtxpebble.o)
 .text.rot_bitmap_layer_set_corner_clip_color
                0x0000000000000000        0xc /Users/ansonl/pebble-dev/PebbleSDK-2.9/Pebble/lib/libpebble.a(tmpycZPtxpebble.o)
 .text.rot_bitmap_set_compositing_mode
                0x0000000000000000        0xc /Users/ansonl/pebble-dev/PebbleSDK-2.9/Pebble/lib/libpebble.a(tmpycZPtxpebble.o)
 .text.rot_bitmap_set_src_ic
                0x0000000000000000        0xc /Users/ansonl/pebble-dev/PebbleSDK-2.9/Pebble/lib/libpebble.a(tmpycZPtxpebble.o)
 .text.scroll_layer_get_content_offset
                0x0000000000000000        0xc /Users/ansonl/pebble-dev/PebbleSDK-2.9/Pebble/lib/libpebble.a(tmpycZPtxpebble.o)
 .text.scroll_layer_get_content_size
                0x0000000000000000        0xc /Users/ansonl/pebble-dev/PebbleSDK-2.9/Pebble/lib/libpebble.a(tmpycZPtxpebble.o)
 .text.scroll_layer_get_shadow_hidden
                0x0000000000000000        0xc /Users/ansonl/pebble-dev/PebbleSDK-2.9/Pebble/lib/libpebble.a(tmpycZPtxpebble.o)
 .text.scroll_layer_scroll_down_click_handler
                0x0000000000000000        0xc /Users/ansonl/pebble-dev/PebbleSDK-2.9/Pebble/lib/libpebble.a(tmpycZPtxpebble.o)
 .text.scroll_layer_scroll_up_click_handler
                0x0000000000000000        0xc /Users/ansonl/pebble-dev/PebbleSDK-2.9/Pebble/lib/libpebble.a(tmpycZPtxpebble.o)
 .text.scroll_layer_set_callbacks
                0x0000000000000000        0xc /Users/ansonl/pebble-dev/PebbleSDK-2.9/Pebble/lib/libpebble.a(tmpycZPtxpebble.o)
 .text.scroll_layer_set_content_offset
                0x0000000000000000        0xc /Users/ansonl/pebble-dev/PebbleSDK-2.9/Pebble/lib/libpebble.a(tmpycZPtxpebble.o)
 .text.scroll_layer_set_context
                0x0000000000000000        0xc /Users/ansonl/pebble-dev/PebbleSDK-2.9/Pebble/lib/libpebble.a(tmpycZPtxpebble.o)
 .text.scroll_layer_set_frame
                0x0000000000000000        0xc /Users/ansonl/pebble-dev/PebbleSDK-2.9/Pebble/lib/libpebble.a(tmpycZPtxpebble.o)
 .text.scroll_layer_set_shadow_hidden
                0x0000000000000000        0xc /Users/ansonl/pebble-dev/PebbleSDK-2.9/Pebble/lib/libpebble.a(tmpycZPtxpebble.o)
 .text.simple_menu_layer_create
                0x0000000000000000        0xc /Users/ansonl/pebble-dev/PebbleSDK-2.9/Pebble/lib/libpebble.a(tmpycZPtxpebble.o)
 .text.simple_menu_layer_destroy
                0x0000000000000000        0xc /Users/ansonl/pebble-dev/PebbleSDK-2.9/Pebble/lib/libpebble.a(tmpycZPtxpebble.o)
 .text.simple_menu_layer_get_layer
                0x0000000000000000        0xc /Users/ansonl/pebble-dev/PebbleSDK-2.9/Pebble/lib/libpebble.a(tmpycZPtxpebble.o)
 .text.simple_menu_layer_get_selected_index
                0x0000000000000000        0xc /Users/ansonl/pebble-dev/PebbleSDK-2.9/Pebble/lib/libpebble.a(tmpycZPtxpebble.o)
 .text.simple_menu_layer_set_selected_index
                0x0000000000000000        0xc /Users/ansonl/pebble-dev/PebbleSDK-2.9/Pebble/lib/libpebble.a(tmpycZPtxpebble.o)
 .text.sin_lookup
                0x0000000000000000        0xc /Users/ansonl/pebble-dev/PebbleSDK-2.9/Pebble/lib/libpebble.a(tmpycZPtxpebble.o)
 .text.srand    0x0000000000000000        0xc /Users/ansonl/pebble-dev/PebbleSDK-2.9/Pebble/lib/libpebble.a(tmpycZPtxpebble.o)
 .text.strcat   0x0000000000000000        0xc /Users/ansonl/pebble-dev/PebbleSDK-2.9/Pebble/lib/libpebble.a(tmpycZPtxpebble.o)
 .text.strncat  0x0000000000000000        0xc /Users/ansonl/pebble-dev/PebbleSDK-2.9/Pebble/lib/libpebble.a(tmpycZPtxpebble.o)
 .text.strncmp  0x0000000000000000        0xc /Users/ansonl/pebble-dev/PebbleSDK-2.9/Pebble/lib/libpebble.a(tmpycZPtxpebble.o)
 .text.strncpy  0x0000000000000000        0xc /Users/ansonl/pebble-dev/PebbleSDK-2.9/Pebble/lib/libpebble.a(tmpycZPtxpebble.o)
 .text.text_layer_get_text
                0x0000000000000000        0xc /Users/ansonl/pebble-dev/PebbleSDK-2.9/Pebble/lib/libpebble.a(tmpycZPtxpebble.o)
 .text.tick_timer_service_subscribe
                0x0000000000000000        0xc /Users/ansonl/pebble-dev/PebbleSDK-2.9/Pebble/lib/libpebble.a(tmpycZPtxpebble.o)
 .text.tick_timer_service_unsubscribe
                0x0000000000000000        0xc /Users/ansonl/pebble-dev/PebbleSDK-2.9/Pebble/lib/libpebble.a(tmpycZPtxpebble.o)
 .text.time_ms  0x0000000000000000        0xc /Users/ansonl/pebble-dev/PebbleSDK-2.9/Pebble/lib/libpebble.a(tmpycZPtxpebble.o)
 .text.vibes_cancel
                0x0000000000000000        0xc /Users/ansonl/pebble-dev/PebbleSDK-2.9/Pebble/lib/libpebble.a(tmpycZPtxpebble.o)
 .text.vibes_double_pulse
                0x0000000000000000        0xc /Users/ansonl/pebble-dev/PebbleSDK-2.9/Pebble/lib/libpebble.a(tmpycZPtxpebble.o)
 .text.vibes_enqueue_custom_pattern
                0x0000000000000000        0xc /Users/ansonl/pebble-dev/PebbleSDK-2.9/Pebble/lib/libpebble.a(tmpycZPtxpebble.o)
 .text.vibes_long_pulse
                0x0000000000000000        0xc /Users/ansonl/pebble-dev/PebbleSDK-2.9/Pebble/lib/libpebble.a(tmpycZPtxpebble.o)
 .text.vibes_short_pulse
                0x0000000000000000        0xc /Users/ansonl/pebble-dev/PebbleSDK-2.9/Pebble/lib/libpebble.a(tmpycZPtxpebble.o)
 .text.window_get_click_config_provider
                0x0000000000000000        0xc /Users/ansonl/pebble-dev/PebbleSDK-2.9/Pebble/lib/libpebble.a(tmpycZPtxpebble.o)
 .text.window_get_fullscreen
                0x0000000000000000        0xc /Users/ansonl/pebble-dev/PebbleSDK-2.9/Pebble/lib/libpebble.a(tmpycZPtxpebble.o)
 .text.window_is_loaded
                0x0000000000000000        0xc /Users/ansonl/pebble-dev/PebbleSDK-2.9/Pebble/lib/libpebble.a(tmpycZPtxpebble.o)
 .text.window_set_background_color
                0x0000000000000000        0xc /Users/ansonl/pebble-dev/PebbleSDK-2.9/Pebble/lib/libpebble.a(tmpycZPtxpebble.o)
 .text.window_set_click_config_provider
                0x0000000000000000        0xc /Users/ansonl/pebble-dev/PebbleSDK-2.9/Pebble/lib/libpebble.a(tmpycZPtxpebble.o)
 .text.window_set_click_config_provider_with_context
                0x0000000000000000        0xc /Users/ansonl/pebble-dev/PebbleSDK-2.9/Pebble/lib/libpebble.a(tmpycZPtxpebble.o)
 .text.window_set_fullscreen
                0x0000000000000000        0xc /Users/ansonl/pebble-dev/PebbleSDK-2.9/Pebble/lib/libpebble.a(tmpycZPtxpebble.o)
 .text.window_set_status_bar_icon
                0x0000000000000000        0xc /Users/ansonl/pebble-dev/PebbleSDK-2.9/Pebble/lib/libpebble.a(tmpycZPtxpebble.o)
 .text.window_stack_contains_window
                0x0000000000000000        0xc /Users/ansonl/pebble-dev/PebbleSDK-2.9/Pebble/lib/libpebble.a(tmpycZPtxpebble.o)
 .text.window_stack_get_top_window
                0x0000000000000000        0xc /Users/ansonl/pebble-dev/PebbleSDK-2.9/Pebble/lib/libpebble.a(tmpycZPtxpebble.o)
 .text.window_stack_pop
                0x0000000000000000        0xc /Users/ansonl/pebble-dev/PebbleSDK-2.9/Pebble/lib/libpebble.a(tmpycZPtxpebble.o)
 .text.window_stack_pop_all
                0x0000000000000000        0xc /Users/ansonl/pebble-dev/PebbleSDK-2.9/Pebble/lib/libpebble.a(tmpycZPtxpebble.o)
 .text.window_stack_remove
                0x0000000000000000        0xc /Users/ansonl/pebble-dev/PebbleSDK-2.9/Pebble/lib/libpebble.a(tmpycZPtxpebble.o)
 .text.app_focus_service_subscribe
                0x0000000000000000        0xc /Users/ansonl/pebble-dev/PebbleSDK-2.9/Pebble/lib/libpebble.a(tmpycZPtxpebble.o)
 .text.app_focus_service_unsubscribe
                0x0000000000000000        0xc /Users/ansonl/pebble-dev/PebbleSDK-2.9/Pebble/lib/libpebble.a(tmpycZPtxpebble.o)
 .text.window_get_user_data
                0x0000000000000000        0xc /Users/ansonl/pebble-dev/PebbleSDK-2.9/Pebble/lib/libpebble.a(tmpycZPtxpebble.o)
 .text.window_set_user_data
                0x0000000000000000        0xc /Users/ansonl/pebble-dev/PebbleSDK-2.9/Pebble/lib/libpebble.a(tmpycZPtxpebble.o)
 .text.app_message_get_context
                0x0000000000000000        0xc /Users/ansonl/pebble-dev/PebbleSDK-2.9/Pebble/lib/libpebble.a(tmpycZPtxpebble.o)
 .text.app_message_register_outbox_sent
                0x0000000000000000        0xc /Users/ansonl/pebble-dev/PebbleSDK-2.9/Pebble/lib/libpebble.a(tmpycZPtxpebble.o)
 .text.app_message_set_context
                0x0000000000000000        0xc /Users/ansonl/pebble-dev/PebbleSDK-2.9/Pebble/lib/libpebble.a(tmpycZPtxpebble.o)
 .text.window_long_click_subscribe
                0x0000000000000000        0xc /Users/ansonl/pebble-dev/PebbleSDK-2.9/Pebble/lib/libpebble.a(tmpycZPtxpebble.o)
 .text.window_multi_click_subscribe
                0x0000000000000000        0xc /Users/ansonl/pebble-dev/PebbleSDK-2.9/Pebble/lib/libpebble.a(tmpycZPtxpebble.o)
 .text.window_raw_click_subscribe
                0x0000000000000000        0xc /Users/ansonl/pebble-dev/PebbleSDK-2.9/Pebble/lib/libpebble.a(tmpycZPtxpebble.o)
 .text.window_set_click_context
                0x0000000000000000        0xc /Users/ansonl/pebble-dev/PebbleSDK-2.9/Pebble/lib/libpebble.a(tmpycZPtxpebble.o)
 .text.window_single_click_subscribe
                0x0000000000000000        0xc /Users/ansonl/pebble-dev/PebbleSDK-2.9/Pebble/lib/libpebble.a(tmpycZPtxpebble.o)
 .text.window_single_repeating_click_subscribe
                0x0000000000000000        0xc /Users/ansonl/pebble-dev/PebbleSDK-2.9/Pebble/lib/libpebble.a(tmpycZPtxpebble.o)
 .text.dict_serialize_tuplets_to_buffer
                0x0000000000000000        0xc /Users/ansonl/pebble-dev/PebbleSDK-2.9/Pebble/lib/libpebble.a(tmpycZPtxpebble.o)
 .text.persist_read_data
                0x0000000000000000        0xc /Users/ansonl/pebble-dev/PebbleSDK-2.9/Pebble/lib/libpebble.a(tmpycZPtxpebble.o)
 .text.persist_read_string
                0x0000000000000000        0xc /Users/ansonl/pebble-dev/PebbleSDK-2.9/Pebble/lib/libpebble.a(tmpycZPtxpebble.o)
 .text.persist_write_data
                0x0000000000000000        0xc /Users/ansonl/pebble-dev/PebbleSDK-2.9/Pebble/lib/libpebble.a(tmpycZPtxpebble.o)
 .text.dict_size
                0x0000000000000000        0xc /Users/ansonl/pebble-dev/PebbleSDK-2.9/Pebble/lib/libpebble.a(tmpycZPtxpebble.o)
 .text.graphics_text_layout_get_content_size
                0x0000000000000000        0xc /Users/ansonl/pebble-dev/PebbleSDK-2.9/Pebble/lib/libpebble.a(tmpycZPtxpebble.o)
 .text.simple_menu_layer_get_menu_layer
                0x0000000000000000        0xc /Users/ansonl/pebble-dev/PebbleSDK-2.9/Pebble/lib/libpebble.a(tmpycZPtxpebble.o)
 .text.accel_data_service_subscribe
                0x0000000000000000        0xc /Users/ansonl/pebble-dev/PebbleSDK-2.9/Pebble/lib/libpebble.a(tmpycZPtxpebble.o)
 .text.bitmap_layer_get_bitmap
                0x0000000000000000        0xc /Users/ansonl/pebble-dev/PebbleSDK-2.9/Pebble/lib/libpebble.a(tmpycZPtxpebble.o)
 .text.window_get_click_config_context
                0x0000000000000000        0xc /Users/ansonl/pebble-dev/PebbleSDK-2.9/Pebble/lib/libpebble.a(tmpycZPtxpebble.o)
 .text.number_window_get_window
                0x0000000000000000        0xc /Users/ansonl/pebble-dev/PebbleSDK-2.9/Pebble/lib/libpebble.a(tmpycZPtxpebble.o)
 .text.realloc  0x0000000000000000        0xc /Users/ansonl/pebble-dev/PebbleSDK-2.9/Pebble/lib/libpebble.a(tmpycZPtxpebble.o)
 .text.gbitmap_create_blank
                0x0000000000000000        0xc /Users/ansonl/pebble-dev/PebbleSDK-2.9/Pebble/lib/libpebble.a(tmpycZPtxpebble.o)
 .text.click_recognizer_is_repeating
                0x0000000000000000        0xc /Users/ansonl/pebble-dev/PebbleSDK-2.9/Pebble/lib/libpebble.a(tmpycZPtxpebble.o)
 .text.accel_raw_data_service_subscribe
                0x0000000000000000        0xc /Users/ansonl/pebble-dev/PebbleSDK-2.9/Pebble/lib/libpebble.a(tmpycZPtxpebble.o)
 .text.app_worker_is_running
                0x0000000000000000        0xc /Users/ansonl/pebble-dev/PebbleSDK-2.9/Pebble/lib/libpebble.a(tmpycZPtxpebble.o)
 .text.app_worker_kill
                0x0000000000000000        0xc /Users/ansonl/pebble-dev/PebbleSDK-2.9/Pebble/lib/libpebble.a(tmpycZPtxpebble.o)
 .text.app_worker_launch
                0x0000000000000000        0xc /Users/ansonl/pebble-dev/PebbleSDK-2.9/Pebble/lib/libpebble.a(tmpycZPtxpebble.o)
 .text.app_worker_message_subscribe
                0x0000000000000000        0xc /Users/ansonl/pebble-dev/PebbleSDK-2.9/Pebble/lib/libpebble.a(tmpycZPtxpebble.o)
 .text.app_worker_message_unsubscribe
                0x0000000000000000        0xc /Users/ansonl/pebble-dev/PebbleSDK-2.9/Pebble/lib/libpebble.a(tmpycZPtxpebble.o)
 .text.app_worker_send_message
                0x0000000000000000        0xc /Users/ansonl/pebble-dev/PebbleSDK-2.9/Pebble/lib/libpebble.a(tmpycZPtxpebble.o)
 .text.worker_event_loop
                0x0000000000000000        0xc /Users/ansonl/pebble-dev/PebbleSDK-2.9/Pebble/lib/libpebble.a(tmpycZPtxpebble.o)
 .text.worker_launch_app
                0x0000000000000000        0xc /Users/ansonl/pebble-dev/PebbleSDK-2.9/Pebble/lib/libpebble.a(tmpycZPtxpebble.o)
 .text.heap_bytes_free
                0x0000000000000000        0xc /Users/ansonl/pebble-dev/PebbleSDK-2.9/Pebble/lib/libpebble.a(tmpycZPtxpebble.o)
 .text.heap_bytes_used
                0x0000000000000000        0xc /Users/ansonl/pebble-dev/PebbleSDK-2.9/Pebble/lib/libpebble.a(tmpycZPtxpebble.o)
 .text.compass_service_peek
                0x0000000000000000        0xc /Users/ansonl/pebble-dev/PebbleSDK-2.9/Pebble/lib/libpebble.a(tmpycZPtxpebble.o)
 .text.compass_service_set_heading_filter
                0x0000000000000000        0xc /Users/ansonl/pebble-dev/PebbleSDK-2.9/Pebble/lib/libpebble.a(tmpycZPtxpebble.o)
 .text.compass_service_subscribe
                0x0000000000000000        0xc /Users/ansonl/pebble-dev/PebbleSDK-2.9/Pebble/lib/libpebble.a(tmpycZPtxpebble.o)
 .text.compass_service_unsubscribe
                0x0000000000000000        0xc /Users/ansonl/pebble-dev/PebbleSDK-2.9/Pebble/lib/libpebble.a(tmpycZPtxpebble.o)
 .text.uuid_equal
                0x0000000000000000        0xc /Users/ansonl/pebble-dev/PebbleSDK-2.9/Pebble/lib/libpebble.a(tmpycZPtxpebble.o)
 .text.uuid_to_string
                0x0000000000000000        0xc /Users/ansonl/pebble-dev/PebbleSDK-2.9/Pebble/lib/libpebble.a(tmpycZPtxpebble.o)
 .text.gpath_draw_filled
                0x0000000000000000        0xc /Users/ansonl/pebble-dev/PebbleSDK-2.9/Pebble/lib/libpebble.a(tmpycZPtxpebble.o)
 .text.animation_set_custom_curve
                0x0000000000000000        0xc /Users/ansonl/pebble-dev/PebbleSDK-2.9/Pebble/lib/libpebble.a(tmpycZPtxpebble.o)
 .text.watch_info_get_color
                0x0000000000000000        0xc /Users/ansonl/pebble-dev/PebbleSDK-2.9/Pebble/lib/libpebble.a(tmpycZPtxpebble.o)
 .text.watch_info_get_firmware_version
                0x0000000000000000        0xc /Users/ansonl/pebble-dev/PebbleSDK-2.9/Pebble/lib/libpebble.a(tmpycZPtxpebble.o)
 .text.watch_info_get_model
                0x0000000000000000        0xc /Users/ansonl/pebble-dev/PebbleSDK-2.9/Pebble/lib/libpebble.a(tmpycZPtxpebble.o)
 .text.graphics_capture_frame_buffer
                0x0000000000000000        0xc /Users/ansonl/pebble-dev/PebbleSDK-2.9/Pebble/lib/libpebble.a(tmpycZPtxpebble.o)
 .text.graphics_frame_buffer_is_captured
                0x0000000000000000        0xc /Users/ansonl/pebble-dev/PebbleSDK-2.9/Pebble/lib/libpebble.a(tmpycZPtxpebble.o)
 .text.graphics_release_frame_buffer
                0x0000000000000000        0xc /Users/ansonl/pebble-dev/PebbleSDK-2.9/Pebble/lib/libpebble.a(tmpycZPtxpebble.o)
 .text.clock_to_timestamp
                0x0000000000000000        0xc /Users/ansonl/pebble-dev/PebbleSDK-2.9/Pebble/lib/libpebble.a(tmpycZPtxpebble.o)
 .text.launch_reason
                0x0000000000000000        0xc /Users/ansonl/pebble-dev/PebbleSDK-2.9/Pebble/lib/libpebble.a(tmpycZPtxpebble.o)
 .text.wakeup_cancel
                0x0000000000000000        0xc /Users/ansonl/pebble-dev/PebbleSDK-2.9/Pebble/lib/libpebble.a(tmpycZPtxpebble.o)
 .text.wakeup_cancel_all
                0x0000000000000000        0xc /Users/ansonl/pebble-dev/PebbleSDK-2.9/Pebble/lib/libpebble.a(tmpycZPtxpebble.o)
 .text.wakeup_get_launch_event
                0x0000000000000000        0xc /Users/ansonl/pebble-dev/PebbleSDK-2.9/Pebble/lib/libpebble.a(tmpycZPtxpebble.o)
 .text.wakeup_query
                0x0000000000000000        0xc /Users/ansonl/pebble-dev/PebbleSDK-2.9/Pebble/lib/libpebble.a(tmpycZPtxpebble.o)
 .text.wakeup_schedule
                0x0000000000000000        0xc /Users/ansonl/pebble-dev/PebbleSDK-2.9/Pebble/lib/libpebble.a(tmpycZPtxpebble.o)
 .text.wakeup_service_subscribe
                0x0000000000000000        0xc /Users/ansonl/pebble-dev/PebbleSDK-2.9/Pebble/lib/libpebble.a(tmpycZPtxpebble.o)
 .text.clock_is_timezone_set
                0x0000000000000000        0xc /Users/ansonl/pebble-dev/PebbleSDK-2.9/Pebble/lib/libpebble.a(tmpycZPtxpebble.o)
 .text.i18n_get_system_locale
                0x0000000000000000        0xc /Users/ansonl/pebble-dev/PebbleSDK-2.9/Pebble/lib/libpebble.a(tmpycZPtxpebble.o)
 .text._localeconv_r
                0x0000000000000000        0xc /Users/ansonl/pebble-dev/PebbleSDK-2.9/Pebble/lib/libpebble.a(tmpycZPtxpebble.o)
 .text.setlocale
                0x0000000000000000        0xc /Users/ansonl/pebble-dev/PebbleSDK-2.9/Pebble/lib/libpebble.a(tmpycZPtxpebble.o)
 .text.mktime   0x0000000000000000        0xc /Users/ansonl/pebble-dev/PebbleSDK-2.9/Pebble/lib/libpebble.a(tmpycZPtxpebble.o)
 .text          0x0000000000000000        0x0 /Users/ansonl/pebble-dev/PebbleSDK-2.9/arm-cs-tools/bin/../lib/gcc/arm-none-eabi/4.7.2/thumb2/crtend.o
 .bss           0x0000000000000000        0x0 /Users/ansonl/pebble-dev/PebbleSDK-2.9/arm-cs-tools/bin/../lib/gcc/arm-none-eabi/4.7.2/thumb2/crtend.o
 .eh_frame      0x0000000000000000        0x4 /Users/ansonl/pebble-dev/PebbleSDK-2.9/arm-cs-tools/bin/../lib/gcc/arm-none-eabi/4.7.2/thumb2/crtend.o
 .jcr           0x0000000000000000        0x4 /Users/ansonl/pebble-dev/PebbleSDK-2.9/arm-cs-tools/bin/../lib/gcc/arm-none-eabi/4.7.2/thumb2/crtend.o
 .tm_clone_table
                0x0000000000000000        0x0 /Users/ansonl/pebble-dev/PebbleSDK-2.9/arm-cs-tools/bin/../lib/gcc/arm-none-eabi/4.7.2/thumb2/crtend.o
 .text          0x0000000000000000        0x0 /Users/ansonl/pebble-dev/PebbleSDK-2.9/arm-cs-tools/bin/../lib/gcc/arm-none-eabi/4.7.2/thumb2/crtn.o
 .bss           0x0000000000000000        0x0 /Users/ansonl/pebble-dev/PebbleSDK-2.9/arm-cs-tools/bin/../lib/gcc/arm-none-eabi/4.7.2/thumb2/crtn.o
 .init          0x0000000000000000        0x8 /Users/ansonl/pebble-dev/PebbleSDK-2.9/arm-cs-tools/bin/../lib/gcc/arm-none-eabi/4.7.2/thumb2/crtn.o
 .fini          0x0000000000000000        0x8 /Users/ansonl/pebble-dev/PebbleSDK-2.9/arm-cs-tools/bin/../lib/gcc/arm-none-eabi/4.7.2/thumb2/crtn.o

Memory Configuration

Name             Origin             Length             Attributes
APP              0x0000000000000000 0x0000000000006000 xrw
*default*        0x0000000000000000 0xffffffffffffffff

Linker script and memory map

LOAD /Users/ansonl/pebble-dev/PebbleSDK-2.9/arm-cs-tools/bin/../lib/gcc/arm-none-eabi/4.7.2/thumb2/crti.o
LOAD /Users/ansonl/pebble-dev/PebbleSDK-2.9/arm-cs-tools/bin/../lib/gcc/arm-none-eabi/4.7.2/thumb2/crtbegin.o
LOAD src/app_message.c.9.o
LOAD appinfo.auto.c.9.o
LOAD /Users/ansonl/pebble-dev/PebbleSDK-2.9/Pebble/lib/libpebble.a
START GROUP
LOAD /Users/ansonl/pebble-dev/PebbleSDK-2.9/arm-cs-tools/bin/../lib/gcc/arm-none-eabi/4.7.2/thumb2/libgcc.a
LOAD /Users/ansonl/pebble-dev/PebbleSDK-2.9/arm-cs-tools/bin/../lib/gcc/arm-none-eabi/4.7.2/../../../../arm-none-eabi/lib/thumb2/libc.a
END GROUP
LOAD /Users/ansonl/pebble-dev/PebbleSDK-2.9/arm-cs-tools/bin/../lib/gcc/arm-none-eabi/4.7.2/thumb2/crtend.o
LOAD /Users/ansonl/pebble-dev/PebbleSDK-2.9/arm-cs-tools/bin/../lib/gcc/arm-none-eabi/4.7.2/thumb2/crtn.o

.header         0x0000000000000000       0x82
 *(.pbl_header)
 .pbl_header    0x0000000000000000       0x82 appinfo.auto.c.9.o
                0x0000000000000000                __pbl_app_info

.text           0x0000000000000084     0x1034
 *(.text)
 .text          0x0000000000000084       0x14 /Users/ansonl/pebble-dev/PebbleSDK-2.9/Pebble/lib/libpebble.a(tmpycZPtxpebble.o)
 *(.text.*)
 .text.in_dropped_handler
                0x0000000000000098        0x2 src/app_message.c.9.o
 .text.out_failed_handler
                0x000000000000009a        0x2 src/app_message.c.9.o
 .text.num_rows_callback
                0x000000000000009c       0x1c src/app_message.c.9.o
 .text.num_sections_callback
                0x00000000000000b8        0x4 src/app_message.c.9.o
 .text.cell_height_callback
                0x00000000000000bc        0xc src/app_message.c.9.o
 .text.header_height_callback
                0x00000000000000c8        0xa src/app_message.c.9.o
 *fill*         0x00000000000000d2        0x2 
 .text.menu_window_unload
                0x00000000000000d4       0x68 src/app_message.c.9.o
                0x00000000000000d4                menu_window_unload
 .text.in_received_handler
                0x000000000000013c      0x368 src/app_message.c.9.o
 .text.message_item_window_unload
                0x00000000000004a4       0x2c src/app_message.c.9.o
                0x00000000000004a4                message_item_window_unload
 .text.message_item_window_load
                0x00000000000004d0      0x200 src/app_message.c.9.o
                0x00000000000004d0                message_item_window_load
 .text.draw_header_callback
                0x00000000000006d0       0x60 src/app_message.c.9.o
                0x00000000000006d0                draw_header_callback
 .text.select_click_callback
                0x0000000000000730       0x74 src/app_message.c.9.o
                0x0000000000000730                select_click_callback
 .text.draw_row_callback
                0x00000000000007a4      0x1ec src/app_message.c.9.o
                0x00000000000007a4                draw_row_callback
 .text.send_message
                0x0000000000000990       0x30 src/app_message.c.9.o
                0x0000000000000990                send_message
 .text.menu_window_load
                0x00000000000009c0      0x164 src/app_message.c.9.o
                0x00000000000009c0                menu_window_load
 .text.select_long_click_callback
                0x0000000000000b24       0x4c src/app_message.c.9.o
                0x0000000000000b24                select_long_click_callback
 .text.init     0x0000000000000b70       0x58 src/app_message.c.9.o
                0x0000000000000b70                init
 .text.deinit   0x0000000000000bc8       0x20 src/app_message.c.9.o
                0x0000000000000bc8                deinit
 .text.startup.main
                0x0000000000000be8       0x12 src/app_message.c.9.o
                0x0000000000000be8                main
 *fill*         0x0000000000000bfa        0x2 
 .text.app_event_loop
                0x0000000000000bfc        0xc /Users/ansonl/pebble-dev/PebbleSDK-2.9/Pebble/lib/libpebble.a(tmpycZPtxpebble.o)
                0x0000000000000bfc                app_event_loop
 .text.app_log  0x0000000000000c08        0xc /Users/ansonl/pebble-dev/PebbleSDK-2.9/Pebble/lib/libpebble.a(tmpycZPtxpebble.o)
                0x0000000000000c08                app_log
 .text.app_message_deregister_callbacks
                0x0000000000000c14        0xc /Users/ansonl/pebble-dev/PebbleSDK-2.9/Pebble/lib/libpebble.a(tmpycZPtxpebble.o)
                0x0000000000000c14                app_message_deregister_callbacks
 .text.app_message_open
                0x0000000000000c20        0xc /Users/ansonl/pebble-dev/PebbleSDK-2.9/Pebble/lib/libpebble.a(tmpycZPtxpebble.o)
                0x0000000000000c20                app_message_open
 .text.dict_find
                0x0000000000000c2c        0xc /Users/ansonl/pebble-dev/PebbleSDK-2.9/Pebble/lib/libpebble.a(tmpycZPtxpebble.o)
                0x0000000000000c2c                dict_find
 .text.dict_write_end
                0x0000000000000c38        0xc /Users/ansonl/pebble-dev/PebbleSDK-2.9/Pebble/lib/libpebble.a(tmpycZPtxpebble.o)
                0x0000000000000c38                dict_write_end
 .text.dict_write_int32
                0x0000000000000c44        0xc /Users/ansonl/pebble-dev/PebbleSDK-2.9/Pebble/lib/libpebble.a(tmpycZPtxpebble.o)
                0x0000000000000c44                dict_write_int32
 .text.fonts_get_system_font
                0x0000000000000c50        0xc /Users/ansonl/pebble-dev/PebbleSDK-2.9/Pebble/lib/libpebble.a(tmpycZPtxpebble.o)
                0x0000000000000c50                fonts_get_system_font
 .text.free     0x0000000000000c5c        0xc /Users/ansonl/pebble-dev/PebbleSDK-2.9/Pebble/lib/libpebble.a(tmpycZPtxpebble.o)
                0x0000000000000c5c                free
 .text.gbitmap_create_with_resource
                0x0000000000000c68        0xc /Users/ansonl/pebble-dev/PebbleSDK-2.9/Pebble/lib/libpebble.a(tmpycZPtxpebble.o)
                0x0000000000000c68                gbitmap_create_with_resource
 .text.gbitmap_destroy
                0x0000000000000c74        0xc /Users/ansonl/pebble-dev/PebbleSDK-2.9/Pebble/lib/libpebble.a(tmpycZPtxpebble.o)
                0x0000000000000c74                gbitmap_destroy
 .text.graphics_context_set_text_color
                0x0000000000000c80        0xc /Users/ansonl/pebble-dev/PebbleSDK-2.9/Pebble/lib/libpebble.a(tmpycZPtxpebble.o)
                0x0000000000000c80                graphics_context_set_text_color
 .text.layer_add_child
                0x0000000000000c8c        0xc /Users/ansonl/pebble-dev/PebbleSDK-2.9/Pebble/lib/libpebble.a(tmpycZPtxpebble.o)
                0x0000000000000c8c                layer_add_child
 .text.layer_get_bounds
                0x0000000000000c98        0xc /Users/ansonl/pebble-dev/PebbleSDK-2.9/Pebble/lib/libpebble.a(tmpycZPtxpebble.o)
                0x0000000000000c98                layer_get_bounds
 .text.layer_get_frame
                0x0000000000000ca4        0xc /Users/ansonl/pebble-dev/PebbleSDK-2.9/Pebble/lib/libpebble.a(tmpycZPtxpebble.o)
                0x0000000000000ca4                layer_get_frame
 .text.localtime
                0x0000000000000cb0        0xc /Users/ansonl/pebble-dev/PebbleSDK-2.9/Pebble/lib/libpebble.a(tmpycZPtxpebble.o)
                0x0000000000000cb0                localtime
 .text.memset   0x0000000000000cbc        0xc /Users/ansonl/pebble-dev/PebbleSDK-2.9/Pebble/lib/libpebble.a(tmpycZPtxpebble.o)
                0x0000000000000cbc                memset
 .text.menu_cell_basic_draw
                0x0000000000000cc8        0xc /Users/ansonl/pebble-dev/PebbleSDK-2.9/Pebble/lib/libpebble.a(tmpycZPtxpebble.o)
                0x0000000000000cc8                menu_cell_basic_draw
 .text.menu_cell_basic_header_draw
                0x0000000000000cd4        0xc /Users/ansonl/pebble-dev/PebbleSDK-2.9/Pebble/lib/libpebble.a(tmpycZPtxpebble.o)
                0x0000000000000cd4                menu_cell_basic_header_draw
 .text.menu_layer_create
                0x0000000000000ce0        0xc /Users/ansonl/pebble-dev/PebbleSDK-2.9/Pebble/lib/libpebble.a(tmpycZPtxpebble.o)
                0x0000000000000ce0                menu_layer_create
 .text.menu_layer_destroy
                0x0000000000000cec        0xc /Users/ansonl/pebble-dev/PebbleSDK-2.9/Pebble/lib/libpebble.a(tmpycZPtxpebble.o)
                0x0000000000000cec                menu_layer_destroy
 .text.menu_layer_get_layer
                0x0000000000000cf8        0xc /Users/ansonl/pebble-dev/PebbleSDK-2.9/Pebble/lib/libpebble.a(tmpycZPtxpebble.o)
                0x0000000000000cf8                menu_layer_get_layer
 .text.menu_layer_reload_data
                0x0000000000000d04        0xc /Users/ansonl/pebble-dev/PebbleSDK-2.9/Pebble/lib/libpebble.a(tmpycZPtxpebble.o)
                0x0000000000000d04                menu_layer_reload_data
 .text.menu_layer_set_click_config_onto_window
                0x0000000000000d10        0xc /Users/ansonl/pebble-dev/PebbleSDK-2.9/Pebble/lib/libpebble.a(tmpycZPtxpebble.o)
                0x0000000000000d10                menu_layer_set_click_config_onto_window
 .text.scroll_layer_add_child
                0x0000000000000d1c        0xc /Users/ansonl/pebble-dev/PebbleSDK-2.9/Pebble/lib/libpebble.a(tmpycZPtxpebble.o)
                0x0000000000000d1c                scroll_layer_add_child
 .text.scroll_layer_create
                0x0000000000000d28        0xc /Users/ansonl/pebble-dev/PebbleSDK-2.9/Pebble/lib/libpebble.a(tmpycZPtxpebble.o)
                0x0000000000000d28                scroll_layer_create
 .text.scroll_layer_destroy
                0x0000000000000d34        0xc /Users/ansonl/pebble-dev/PebbleSDK-2.9/Pebble/lib/libpebble.a(tmpycZPtxpebble.o)
                0x0000000000000d34                scroll_layer_destroy
 .text.scroll_layer_get_layer
                0x0000000000000d40        0xc /Users/ansonl/pebble-dev/PebbleSDK-2.9/Pebble/lib/libpebble.a(tmpycZPtxpebble.o)
                0x0000000000000d40                scroll_layer_get_layer
 .text.scroll_layer_set_click_config_onto_window
                0x0000000000000d4c        0xc /Users/ansonl/pebble-dev/PebbleSDK-2.9/Pebble/lib/libpebble.a(tmpycZPtxpebble.o)
                0x0000000000000d4c                scroll_layer_set_click_config_onto_window
 .text.scroll_layer_set_content_size
                0x0000000000000d58        0xc /Users/ansonl/pebble-dev/PebbleSDK-2.9/Pebble/lib/libpebble.a(tmpycZPtxpebble.o)
                0x0000000000000d58                scroll_layer_set_content_size
 .text.snprintf
                0x0000000000000d64        0xc /Users/ansonl/pebble-dev/PebbleSDK-2.9/Pebble/lib/libpebble.a(tmpycZPtxpebble.o)
                0x0000000000000d64                snprintf
 .text.strcmp   0x0000000000000d70        0xc /Users/ansonl/pebble-dev/PebbleSDK-2.9/Pebble/lib/libpebble.a(tmpycZPtxpebble.o)
                0x0000000000000d70                strcmp
 .text.strcpy   0x0000000000000d7c        0xc /Users/ansonl/pebble-dev/PebbleSDK-2.9/Pebble/lib/libpebble.a(tmpycZPtxpebble.o)
                0x0000000000000d7c                strcpy
 .text.strftime
                0x0000000000000d88        0xc /Users/ansonl/pebble-dev/PebbleSDK-2.9/Pebble/lib/libpebble.a(tmpycZPtxpebble.o)
                0x0000000000000d88                strftime
 .text.strlen   0x0000000000000d94        0xc /Users/ansonl/pebble-dev/PebbleSDK-2.9/Pebble/lib/libpebble.a(tmpycZPtxpebble.o)
                0x0000000000000d94                strlen
 .text.text_layer_create
                0x0000000000000da0        0xc /Users/ansonl/pebble-dev/PebbleSDK-2.9/Pebble/lib/libpebble.a(tmpycZPtxpebble.o)
                0x0000000000000da0                text_layer_create
 .text.text_layer_destroy
                0x0000000000000dac        0xc /Users/ansonl/pebble-dev/PebbleSDK-2.9/Pebble/lib/libpebble.a(tmpycZPtxpebble.o)
                0x0000000000000dac                text_layer_destroy
 .text.text_layer_get_content_size
                0x0000000000000db8        0xc /Users/ansonl/pebble-dev/PebbleSDK-2.9/Pebble/lib/libpebble.a(tmpycZPtxpebble.o)
                0x0000000000000db8                text_layer_get_content_size
 .text.text_layer_get_layer
                0x0000000000000dc4        0xc /Users/ansonl/pebble-dev/PebbleSDK-2.9/Pebble/lib/libpebble.a(tmpycZPtxpebble.o)
                0x0000000000000dc4                text_layer_get_layer
 .text.text_layer_set_background_color
                0x0000000000000dd0        0xc /Users/ansonl/pebble-dev/PebbleSDK-2.9/Pebble/lib/libpebble.a(tmpycZPtxpebble.o)
                0x0000000000000dd0                text_layer_set_background_color
 .text.text_layer_set_font
                0x0000000000000ddc        0xc /Users/ansonl/pebble-dev/PebbleSDK-2.9/Pebble/lib/libpebble.a(tmpycZPtxpebble.o)
                0x0000000000000ddc                text_layer_set_font
 .text.text_layer_set_overflow_mode
                0x0000000000000de8        0xc /Users/ansonl/pebble-dev/PebbleSDK-2.9/Pebble/lib/libpebble.a(tmpycZPtxpebble.o)
                0x0000000000000de8                text_layer_set_overflow_mode
 .text.text_layer_set_size
                0x0000000000000df4        0xc /Users/ansonl/pebble-dev/PebbleSDK-2.9/Pebble/lib/libpebble.a(tmpycZPtxpebble.o)
                0x0000000000000df4                text_layer_set_size
 .text.text_layer_set_text
                0x0000000000000e00        0xc /Users/ansonl/pebble-dev/PebbleSDK-2.9/Pebble/lib/libpebble.a(tmpycZPtxpebble.o)
                0x0000000000000e00                text_layer_set_text
 .text.text_layer_set_text_alignment
                0x0000000000000e0c        0xc /Users/ansonl/pebble-dev/PebbleSDK-2.9/Pebble/lib/libpebble.a(tmpycZPtxpebble.o)
                0x0000000000000e0c                text_layer_set_text_alignment
 .text.text_layer_set_text_color
                0x0000000000000e18        0xc /Users/ansonl/pebble-dev/PebbleSDK-2.9/Pebble/lib/libpebble.a(tmpycZPtxpebble.o)
                0x0000000000000e18                text_layer_set_text_color
 .text.time     0x0000000000000e24        0xc /Users/ansonl/pebble-dev/PebbleSDK-2.9/Pebble/lib/libpebble.a(tmpycZPtxpebble.o)
                0x0000000000000e24                time
 .text.window_create
                0x0000000000000e30        0xc /Users/ansonl/pebble-dev/PebbleSDK-2.9/Pebble/lib/libpebble.a(tmpycZPtxpebble.o)
                0x0000000000000e30                window_create
 .text.window_destroy
                0x0000000000000e3c        0xc /Users/ansonl/pebble-dev/PebbleSDK-2.9/Pebble/lib/libpebble.a(tmpycZPtxpebble.o)
                0x0000000000000e3c                window_destroy
 .text.window_get_root_layer
                0x0000000000000e48        0xc /Users/ansonl/pebble-dev/PebbleSDK-2.9/Pebble/lib/libpebble.a(tmpycZPtxpebble.o)
                0x0000000000000e48                window_get_root_layer
 .text.window_set_window_handlers
                0x0000000000000e54        0xc /Users/ansonl/pebble-dev/PebbleSDK-2.9/Pebble/lib/libpebble.a(tmpycZPtxpebble.o)
                0x0000000000000e54                window_set_window_handlers
 .text.window_stack_push
                0x0000000000000e60        0xc /Users/ansonl/pebble-dev/PebbleSDK-2.9/Pebble/lib/libpebble.a(tmpycZPtxpebble.o)
                0x0000000000000e60                window_stack_push
 .text.app_message_inbox_size_maximum
                0x0000000000000e6c        0xc /Users/ansonl/pebble-dev/PebbleSDK-2.9/Pebble/lib/libpebble.a(tmpycZPtxpebble.o)
                0x0000000000000e6c                app_message_inbox_size_maximum
 .text.app_message_outbox_begin
                0x0000000000000e78        0xc /Users/ansonl/pebble-dev/PebbleSDK-2.9/Pebble/lib/libpebble.a(tmpycZPtxpebble.o)
                0x0000000000000e78                app_message_outbox_begin
 .text.app_message_outbox_send
                0x0000000000000e84        0xc /Users/ansonl/pebble-dev/PebbleSDK-2.9/Pebble/lib/libpebble.a(tmpycZPtxpebble.o)
                0x0000000000000e84                app_message_outbox_send
 .text.app_message_outbox_size_maximum
                0x0000000000000e90        0xc /Users/ansonl/pebble-dev/PebbleSDK-2.9/Pebble/lib/libpebble.a(tmpycZPtxpebble.o)
                0x0000000000000e90                app_message_outbox_size_maximum
 .text.app_message_register_inbox_dropped
                0x0000000000000e9c        0xc /Users/ansonl/pebble-dev/PebbleSDK-2.9/Pebble/lib/libpebble.a(tmpycZPtxpebble.o)
                0x0000000000000e9c                app_message_register_inbox_dropped
 .text.app_message_register_inbox_received
                0x0000000000000ea8        0xc /Users/ansonl/pebble-dev/PebbleSDK-2.9/Pebble/lib/libpebble.a(tmpycZPtxpebble.o)
                0x0000000000000ea8                app_message_register_inbox_received
 .text.app_message_register_outbox_failed
                0x0000000000000eb4        0xc /Users/ansonl/pebble-dev/PebbleSDK-2.9/Pebble/lib/libpebble.a(tmpycZPtxpebble.o)
                0x0000000000000eb4                app_message_register_outbox_failed
 .text.graphics_draw_text
                0x0000000000000ec0        0xc /Users/ansonl/pebble-dev/PebbleSDK-2.9/Pebble/lib/libpebble.a(tmpycZPtxpebble.o)
                0x0000000000000ec0                graphics_draw_text
 .text.calloc   0x0000000000000ecc        0xc /Users/ansonl/pebble-dev/PebbleSDK-2.9/Pebble/lib/libpebble.a(tmpycZPtxpebble.o)
                0x0000000000000ecc                calloc
 .text.menu_layer_set_callbacks
                0x0000000000000ed8        0xc /Users/ansonl/pebble-dev/PebbleSDK-2.9/Pebble/lib/libpebble.a(tmpycZPtxpebble.o)
                0x0000000000000ed8                menu_layer_set_callbacks
 *(.rodata)
 .rodata        0x0000000000000ee4       0x18 src/app_message.c.9.o
 *(.rodata*)
 .rodata.str1.1
                0x0000000000000efc      0x1bc src/app_message.c.9.o
                                        0x1d5 (size before relaxing)

.glue_7         0x00000000000010b8        0x0
 .glue_7        0x0000000000000000        0x0 linker stubs

.glue_7t        0x00000000000010b8        0x0
 .glue_7t       0x0000000000000000        0x0 linker stubs

.vfp11_veneer   0x00000000000010b8        0x0
 .vfp11_veneer  0x0000000000000000        0x0 linker stubs

.v4_bx          0x00000000000010b8        0x0
 .v4_bx         0x0000000000000000        0x0 linker stubs

.iplt           0x00000000000010b8        0x0
 .iplt          0x0000000000000000        0x0 /Users/ansonl/pebble-dev/PebbleSDK-2.9/arm-cs-tools/bin/../lib/gcc/arm-none-eabi/4.7.2/thumb2/crtbegin.o

.rel.dyn        0x00000000000010b8        0x0
 .rel.iplt      0x0000000000000000        0x0 /Users/ansonl/pebble-dev/PebbleSDK-2.9/arm-cs-tools/bin/../lib/gcc/arm-none-eabi/4.7.2/thumb2/crtbegin.o
 .rel.got       0x0000000000000000        0x0 /Users/ansonl/pebble-dev/PebbleSDK-2.9/arm-cs-tools/bin/../lib/gcc/arm-none-eabi/4.7.2/thumb2/crtbegin.o

.data           0x00000000000010b8        0x5
 *(.data)
 .data          0x00000000000010b8        0x0 /Users/ansonl/pebble-dev/PebbleSDK-2.9/arm-cs-tools/bin/../lib/gcc/arm-none-eabi/4.7.2/thumb2/crti.o
 .data          0x00000000000010b8        0x4 /Users/ansonl/pebble-dev/PebbleSDK-2.9/arm-cs-tools/bin/../lib/gcc/arm-none-eabi/4.7.2/thumb2/crtbegin.o
                0x00000000000010b8                __dso_handle
 .data          0x00000000000010bc        0x0 src/app_message.c.9.o
 .data          0x00000000000010bc        0x0 appinfo.auto.c.9.o
 .data          0x00000000000010bc        0x0 /Users/ansonl/pebble-dev/PebbleSDK-2.9/Pebble/lib/libpebble.a(tmpycZPtxpebble.o)
 .data          0x00000000000010bc        0x0 /Users/ansonl/pebble-dev/PebbleSDK-2.9/arm-cs-tools/bin/../lib/gcc/arm-none-eabi/4.7.2/thumb2/crtend.o
 .data          0x00000000000010bc        0x0 /Users/ansonl/pebble-dev/PebbleSDK-2.9/arm-cs-tools/bin/../lib/gcc/arm-none-eabi/4.7.2/thumb2/crtn.o
 *(.data.*)
 .data.readyToUpdate
                0x00000000000010bc        0x1 src/app_message.c.9.o
                0x00000000000010bc                readyToUpdate

.igot.plt       0x00000000000010c0        0x0
 .igot.plt      0x0000000000000000        0x0 /Users/ansonl/pebble-dev/PebbleSDK-2.9/arm-cs-tools/bin/../lib/gcc/arm-none-eabi/4.7.2/thumb2/crtbegin.o

.got            0x00000000000010c0       0x30
 .got           0x00000000000010c0       0x30 /Users/ansonl/pebble-dev/PebbleSDK-2.9/arm-cs-tools/bin/../lib/gcc/arm-none-eabi/4.7.2/thumb2/crtbegin.o

.got.plt        0x00000000000010f0        0xc
 .got.plt       0x00000000000010f0        0xc /Users/ansonl/pebble-dev/PebbleSDK-2.9/arm-cs-tools/bin/../lib/gcc/arm-none-eabi/4.7.2/thumb2/crtbegin.o
                0x00000000000010f0                _GLOBAL_OFFSET_TABLE_

.bss            0x00000000000010fc       0x40
 *(.bss)
 *(.bss.*)
 .bss.latestOrAreaTop
                0x00000000000010fc        0x4 src/app_message.c.9.o
                0x00000000000010fc                latestOrAreaTop
 .bss.icon_bitmap
                0x0000000000001100        0x4 src/app_message.c.9.o
 .bss.counter   0x0000000000001104        0x4 src/app_message.c.9.o
                0x0000000000001104                counter
 COMMON         0x0000000000001108       0x34 src/app_message.c.9.o
                0x0000000000001108                messageItemArray
                0x000000000000110c                selectedMessageIndex
                0x0000000000001110                messageArraySize
                0x0000000000001114                message_item_like_text_layer
                0x0000000000001118                menu_layer
                0x000000000000111c                message_item_scroll_layer
                0x0000000000001120                numberCommentsText
                0x0000000000001124                message_item_window
                0x0000000000001128                positionTitle
                0x000000000000112c                lastUpdated
                0x0000000000001130                window
                0x0000000000001134                message_item_text_layer
                0x0000000000001138                numberLikesText

DISCARD
 libc.a(*)
 libm.a(*)
 libgcc.a(*)
 *(.eh_frame)
OUTPUT(/Users/ansonl/Desktop/yik_yak_pebble/build/pebble-app.elf elf32-littlearm)

.ARM.attributes
                0x0000000000000000       0x27
 .ARM.attributes
                0x0000000000000000       0x19 /Users/ansonl/pebble-dev/PebbleSDK-2.9/arm-cs-tools/bin/../lib/gcc/arm-none-eabi/4.7.2/thumb2/crti.o
 .ARM.attributes
                0x0000000000000019       0x29 /Users/ansonl/pebble-dev/PebbleSDK-2.9/arm-cs-tools/bin/../lib/gcc/arm-none-eabi/4.7.2/thumb2/crtbegin.o
 .ARM.attributes
                0x0000000000000042       0x33 src/app_message.c.9.o
 .ARM.attributes
                0x0000000000000075       0x33 appinfo.auto.c.9.o
 .ARM.attributes
                0x00000000000000a8       0x21 /Users/ansonl/pebble-dev/PebbleSDK-2.9/Pebble/lib/libpebble.a(tmpycZPtxpebble.o)
 .ARM.attributes
                0x00000000000000c9       0x29 /Users/ansonl/pebble-dev/PebbleSDK-2.9/arm-cs-tools/bin/../lib/gcc/arm-none-eabi/4.7.2/thumb2/crtend.o
 .ARM.attributes
                0x00000000000000f2       0x19 /Users/ansonl/pebble-dev/PebbleSDK-2.9/arm-cs-tools/bin/../lib/gcc/arm-none-eabi/4.7.2/thumb2/crtn.o

.comment        0x0000000000000000       0x4e
 .comment       0x0000000000000000       0x4e /Users/ansonl/pebble-dev/PebbleSDK-2.9/arm-cs-tools/bin/../lib/gcc/arm-none-eabi/4.7.2/thumb2/crtbegin.o
                                         0x4f (size before relaxing)
 .comment       0x0000000000000000       0x4f src/app_message.c.9.o
 .comment       0x0000000000000000       0x4f appinfo.auto.c.9.o
 .comment       0x0000000000000000       0x4f /Users/ansonl/pebble-dev/PebbleSDK-2.9/arm-cs-tools/bin/../lib/gcc/arm-none-eabi/4.7.2/thumb2/crtend.o

.debug_info     0x0000000000000000     0x267b
 .debug_info    0x0000000000000000     0x2373 src/app_message.c.9.o
 .debug_info    0x0000000000002373      0x308 appinfo.auto.c.9.o

.debug_abbrev   0x0000000000000000      0x50f
 .debug_abbrev  0x0000000000000000      0x471 src/app_message.c.9.o
 .debug_abbrev  0x0000000000000471       0x9e appinfo.auto.c.9.o

.debug_loc      0x0000000000000000      0x9bd
 .debug_loc     0x0000000000000000      0x9bd src/app_message.c.9.o

.debug_aranges  0x0000000000000000       0xc8
 .debug_aranges
                0x0000000000000000       0xb0 src/app_message.c.9.o
 .debug_aranges
                0x00000000000000b0       0x18 appinfo.auto.c.9.o

.debug_ranges   0x0000000000000000      0x160
 .debug_ranges  0x0000000000000000      0x160 src/app_message.c.9.o

.debug_line     0x0000000000000000      0x64b
 .debug_line    0x0000000000000000      0x52d src/app_message.c.9.o
 .debug_line    0x000000000000052d      0x11e appinfo.auto.c.9.o

.debug_str      0x0000000000000000     0x1267
 .debug_str     0x0000000000000000     0x1118 src/app_message.c.9.o
                                       0x11fb (size before relaxing)
 .debug_str     0x0000000000001118      0x14f appinfo.auto.c.9.o
                                        0x286 (size before relaxing)

.debug_frame    0x0000000000000000      0x208
 .debug_frame   0x0000000000000000      0x208 src/app_message.c.9.o
